[lesson1.guru/go/slope.html]
[backblue.gif]
[fade.gif]
[index.html]
[lesson1.guru/assets/css/custom238d.css]
[stackpath.bootstrapcdn.com/bootstrap/4.3.1/css/bootstrap.min.css]
[lesson1.guru/assets/css/responsive238d.css]
[use.fontawesome.com/releases/v5.7.2/css/all.css]
[pagead2.googlesyndication.com/pagead/js/feb1f.txt]
[lesson1.guru/assets/images/logo.png]
[lesson1.guru/files/image/happy-wheels.jpg]
[code.jquery.com/jquery-3.4.1.js]
[api.adinplay.com/libs/aiptag/pub/AGV/play-unblocked.github.io/tag.min.js]
[lesson1.guru/files/image/slope.png]
[lesson1.guru/files/image/geometry-dash.png]
[retrobowl.blog/image/kategori/ikon/2-player_5e297c3ac2b2a.jpg]
[retrobowl.blog/image/kategori/ikon/action-games_5e298d9c94e18.png]
[retrobowl.blog/image/kategori/ikon/adventure-games_5e299450295a3.png]
[retrobowl.blog/image/kategori/ikon/animal-games_5e2999f77a16e.jpg]
[retrobowl.blog/image/kategori/ikon/arcade-games_5e29a74cd0b4d.jpg]
[retrobowl.blog/image/kategori/ikon/board-games_5e29a1f03b2d1.jpg]
[retrobowl.blog/image/kategori/ikon/car-games_5e29a954d8a91.png]
[retrobowl.blog/image/kategori/ikon/card-games_5e29aae231ef8.png]
[retrobowl.blog/image/kategori/ikon/cooking-food-games_5e29aea14c3ee.jpg]
[retrobowl.blog/image/kategori/ikon/fighting-games_5e29b11c88f43.jpg]
[retrobowl.blog/image/kategori/ikon/girl-games_5e29b3af4001c.png]
[retrobowl.blog/image/kategori/ikon/io-game_5e295be4d44fc.png]
[retrobowl.blog/image/kategori/ikon/motorbike-games_5e29bafae51bd.png]
[retrobowl.blog/image/kategori/ikon/multiplayer-games_5e29bdd2baf3c.jpg]
[retrobowl.blog/image/kategori/ikon/puzzle-games_5e2a20e08bdf8.png]
[retrobowl.blog/image/kategori/ikon/racing-games_5e2a255155ef5.jpg]
[retrobowl.blog/image/kategori/ikon/shooting-games_5e2a276bc8e45.png]
[retrobowl.blog/image/kategori/ikon/sports-games_5e2a29b317880.png]
[retrobowl.blog/image/kategori/ikon/strategy-games_5e2a2c3c959af.png]
[retrobowl.blog/image/kategori/ikon/war-games_5e2a2eba28390.png]
[npmcdn.com/isotope-layout@3.0.6/dist/isotope.pkgd.js]
[lesson1.guru/go/slope.html]
[stackpath.bootstrapcdn.com/bootstrap/4.3.1/css/bootstrap.min.css]
[lesson1.guru/cdn-cgi/scripts/7d0fa10a/cloudflare-static/rocket-loader.min.js]
[lesson1.guru/assets/images/bg.png]
[lesson1.guru/assets/images/find-icon.png]
[lesson1.guru/assets/css/custom238d.css]
[lesson1.guru/assets/css/responsive238d.css]
[use.fontawesome.com/releases/v5.7.2/css/all.css]
